
FBX export starting... 'D:\\BaiduSyncdisk\\unity\\Chongfandiq\\Assets/LastLight/Models\\Floor.fbx'
export finished in 0.0076 sec.

FBX export starting... 'D:\\BaiduSyncdisk\\unity\\Chongfandiq\\Assets/LastLight/Models\\Wall.fbx'
export finished in 0.0061 sec.

FBX export starting... 'D:\\BaiduSyncdisk\\unity\\Chongfandiq\\Assets/LastLight/Models\\Door.fbx'
export finished in 0.0087 sec.

FBX export starting... 'D:\\BaiduSyncdisk\\unity\\Chongfandiq\\Assets/LastLight/Models\\Window.fbx'
export finished in 0.0079 sec.

FBX export starting... 'D:\\BaiduSyncdisk\\unity\\Chongfandiq\\Assets/LastLight/Models\\Roof.fbx'
export finished in 0.0050 sec.

FBX export starting... 'D:\\BaiduSyncdisk\\unity\\Chongfandiq\\Assets/LastLight/Models\\Stove.fbx'
export finished in 0.0056 sec.

FBX export starting... 'D:\\BaiduSyncdisk\\unity\\Chongfandiq\\Assets/LastLight/Models\\Workbench.fbx'
export finished in 0.0073 sec.

FBX export starting... 'D:\\BaiduSyncdisk\\unity\\Chongfandiq\\Assets/LastLight/Models\\Storage.fbx'
export finished in 0.0062 sec.

FBX export starting... 'D:\\BaiduSyncdisk\\unity\\Chongfandiq\\Assets/LastLight/Models\\Bed.fbx'
export finished in 0.0057 sec.

FBX export starting... 'D:\\BaiduSyncdisk\\unity\\Chongfandiq\\Assets/LastLight/Models\\Barricade.fbx'
export finished in 0.0053 sec.

FBX export starting... 'D:\\BaiduSyncdisk\\unity\\Chongfandiq\\Assets/LastLight/Models\\Terminal.fbx'
export finished in 0.0066 sec.

FBX export starting... 'D:\\BaiduSyncdisk\\unity\\Chongfandiq\\Assets/LastLight/Models\\Pod.fbx'
export finished in 0.0086 sec.

FBX export starting... 'D:\\BaiduSyncdisk\\unity\\Chongfandiq\\Assets/LastLight/Models\\Liang.fbx'
export finished in 0.0087 sec.

FBX export starting... 'D:\\BaiduSyncdisk\\unity\\Chongfandiq\\Assets/LastLight/Models\\Beast.fbx'
export finished in 0.0069 sec.

FBX export starting... 'D:\\BaiduSyncdisk\\unity\\Chongfandiq\\Assets/LastLight/Models\\Hammer.fbx'
export finished in 0.0055 sec.

FBX export starting... 'D:\\BaiduSyncdisk\\unity\\Chongfandiq\\Assets/LastLight/Models\\Wood.fbx'
export finished in 0.0046 sec.

FBX export starting... 'D:\\BaiduSyncdisk\\unity\\Chongfandiq\\Assets/LastLight/Models\\Stone.fbx'
export finished in 0.0057 sec.

FBX export starting... 'D:\\BaiduSyncdisk\\unity\\Chongfandiq\\Assets/LastLight/Models\\Scrap.fbx'
export finished in 0.0050 sec.

FBX export starting... 'D:\\BaiduSyncdisk\\unity\\Chongfandiq\\Assets/LastLight/Models\\Fiber.fbx'
export finished in 0.0050 sec.

FBX export starting... 'D:\\BaiduSyncdisk\\unity\\Chongfandiq\\Assets/LastLight/Models\\Ration.fbx'
export finished in 0.0051 sec.

FBX export starting... 'D:\\BaiduSyncdisk\\unity\\Chongfandiq\\Assets/LastLight/Models\\Fuel.fbx'
export finished in 0.0049 sec.

FBX export starting... 'D:\\BaiduSyncdisk\\unity\\Chongfandiq\\Assets/LastLight/Models\\Parts.fbx'
export finished in 0.0047 sec.

FBX export starting... 'D:\\BaiduSyncdisk\\unity\\Chongfandiq\\Assets/LastLight/Models\\Core.fbx'
export finished in 0.0054 sec.
Info: Saved as "LastLightAssets.blend"
M1_ASSETS_COMPLETE 23
Blender 5.2.0 LTS (hash fbe6228777e7 built 2026-07-14 01:35:40)

Blender quit
