Mono path[0] = 'D:/BaiduSyncdisk/unity/Chongfandiq/Builds/LastLightArchitecture/LastLightArchitecture_Data/Managed'
Mono config path = 'D:/BaiduSyncdisk/unity/Chongfandiq/Builds/LastLightArchitecture/MonoBleedingEdge/etc'
Found 2 interfaces on host : 0) 172.23.208.1 1) 192.168.5.189
Player connection [8888]  Target information:

Player connection [8888]  * "[IP] 172.23.208.1 [Port] 55000 [Flags] 2 [Guid] 4253354465 [EditorId] 3798515268 [Version] 1048832 [Id] WindowsPlayer(2,DESKTOP-7HRON8N) [Debug] 0 [PackageName] WindowsPlayer [ProjectName] Chongfandiq" 

Player connection [8888]  * "[IP] 192.168.5.189 [Port] 55000 [Flags] 2 [Guid] 4253354465 [EditorId] 3798515268 [Version] 1048832 [Id] WindowsPlayer(2,DESKTOP-7HRON8N) [Debug] 0 [PackageName] WindowsPlayer [ProjectName] Chongfandiq" 

Player connection [8888] Started UDP target info broadcast (1) on [225.0.0.222:54997].

Input System module state changed to: Initialized.
[Physics::Module] Initialized fallback backend.
[Physics::Module] Id: 0xdecafbad
Initialize engine version: 6000.3.21f1 (c02631ffc030)
[Subsystems] Discovering subsystems at path D:/BaiduSyncdisk/unity/Chongfandiq/Builds/LastLightArchitecture/LastLightArchitecture_Data/UnitySubsystems
Forcing GfxDevice: Null
GfxDevice: creating device client; kGfxThreadingModeNonThreaded
NullGfxDevice:
    Version:  NULL 1.0 [1.0]
    Renderer: Null Device
    Vendor:   Unity Technologies
Begin MonoManager ReloadAssembly
- Loaded All Assemblies, in  0.408 seconds
- Finished resetting the current domain, in  0.006 seconds
[Physics::Module] Selected backend.
[Physics::Module] Name: PhysX
[Physics::Module] Id: 0xf2b8ea05
[Physics::Module] SDK Version: 4.1.2
[Physics::Module] Integration Version: 1.0.0
[Physics::Module] Threading Mode: Multi-Threaded
Microsoft Media Foundation video decoding to texture disabled: graphics device is Null, only Direct3D 11 and Direct3D 12 (only on desktop) are supported for hardware-accelerated video decoding.
UnloadTime: 4.047500 ms
[Physics::Module] Cleanup current backend.
[Physics::Module] Id: 0xf2b8ea05
Input System module state changed to: ShutdownInProgress.
Input System polling thread exited.
Input System module state changed to: Shutdown.
PlayerConnection::Cleanup##utp:{"type":"MemoryLeaks","version":2,"phase":"Immediate","time":1788967632789,"processId":24212,"allocatedMemory":83116,"memoryLabels":[{"Default":136},{"NewDelete":104},{"Manager":8883},{"Shader":33936},{"GfxDevice":72},{"Audio":752},{"Serialization":144},{"JobScheduler":32768},{"String":417},{"HashMap":3584},{"PoolAlloc":192},{"CloudService":144},{"VR":1872},{"Subsystems":96},{"CoreBusinessMetrics":120}]}
